tfluna_i2c.c:55:6:TF_Luna_init	24	static
tfluna_i2c.c:71:6:getData	32	static
tfluna_i2c.c:131:6:Get_Time	24	static
tfluna_i2c.c:150:6:Get_Prod_Code	24	static
tfluna_i2c.c:163:6:Get_Firmware_Version	24	static
tfluna_i2c.c:174:6:Save_Settings	16	static
tfluna_i2c.c:180:6:Soft_Reset	16	static
tfluna_i2c.c:187:6:Set_I2C_Addr	16	static
tfluna_i2c.c:193:6:Set_Enable	16	static
tfluna_i2c.c:199:6:Set_Disable	16	static
tfluna_i2c.c:205:6:Set_Frame_Rate	24	static
tfluna_i2c.c:218:6:Get_Frame_Rate	24	static
tfluna_i2c.c:229:6:Hard_Reset	16	static
tfluna_i2c.c:236:6:Set_Cont_Mode	16	static
tfluna_i2c.c:243:6:Set_Trig_Mode	16	static
tfluna_i2c.c:250:6:Set_Trigger	16	static
tfluna_i2c.c:260:6:readReg	24	static
tfluna_i2c.c:282:6:writeReg	32	static
tfluna_i2c.c:301:6:printStatus	8	static
tfluna_i2c.c:330:6:printDataArray	16	static
